// Jest Snapshot v1, https://goo.gl/fbAQLP

exports[`<MainPage /> Should render and match the snapshot 1`] = `
<div>
  <h1>
    <span>
      This is the list of strings!
    </span>
  </h1>
  <div
    class="Wrapper-sc-1umgotm-0 laCwDT"
  >
    <ul
      class="Ul-mwnq6h-0 jcxXFy"
    />
  </div>
</div>
`;
