// Jest Snapshot v1, https://goo.gl/fbAQLP

exports[`<App /> should render and match the snapshot 1`] = `
<div>
  <HelmetWrapper
    defaultTitle="DMI takehome"
    defer={true}
    encodeSpecialCharacters={true}
  >
    <meta
      content="Takehome assignment for DMI"
      name="description"
    />
  </HelmetWrapper>
  <Header />
  <Switch>
    <Route
      component={[Function]}
      exact={true}
      path="/"
    />
    <Route
      component={[Function]}
      path="/add"
    />
    <Route
      component={[Function]}
    />
  </Switch>
  <Footer />
  <GlobalStyleComponent />
</div>
`;
