// Jest Snapshot v1, https://goo.gl/fbAQLP

exports[`<Empty /> Should render and match the snapshot 1`] = `
<p>
  There is nothing here
</p>
`;
